app/actions/ai-insights.ts(4,31): error TS2307: Cannot find module 'mysql2' or its corresponding type declarations.
app/actions/audit.ts(4,31): error TS2307: Cannot find module 'mysql2/promise' or its corresponding type declarations.
app/actions/auth.ts(7,31): error TS2307: Cannot find module 'mysql2/promise' or its corresponding type declarations.
app/actions/bookings.ts(3,23): error TS2307: Cannot find module '@/lib/db/mysql' or its corresponding type declarations.
app/actions/bookings.ts(4,31): error TS2307: Cannot find module 'mysql2' or its corresponding type declarations.
app/actions/bookings.ts(5,10): error TS2459: Module '"@/app/actions/auth"' declares 'getSession' locally, but it is not exported.
app/actions/bookings.ts(53,25): error TS7006: Parameter 'b' implicitly has an 'any' type.
app/actions/buyer-actions.ts(5,31): error TS2307: Cannot find module 'mysql2' or its corresponding type declarations.
app/actions/buyer-requests.ts(5,31): error TS2307: Cannot find module 'mysql2' or its corresponding type declarations.
app/actions/callsheets.ts(5,31): error TS2307: Cannot find module 'mysql2' or its corresponding type declarations.
app/actions/catalog.ts(5,31): error TS2307: Cannot find module 'mysql2/promise' or its corresponding type declarations.
app/actions/customers.ts(5,31): error TS2307: Cannot find module 'mysql2/promise' or its corresponding type declarations.
app/actions/dashboard.ts(4,31): error TS2307: Cannot find module 'mysql2' or its corresponding type declarations.
app/actions/inventory.ts(6,31): error TS2307: Cannot find module 'mysql2' or its corresponding type declarations.
app/actions/inventory.ts(136,15): error TS2339: Property 'variant_name' does not exist on type 'VariantDbRow'.
app/actions/notifications.ts(6,31): error TS2307: Cannot find module 'mysql2/promise' or its corresponding type declarations.
app/actions/products.ts(5,31): error TS2307: Cannot find module 'mysql2/promise' or its corresponding type declarations.
app/actions/products.ts(245,5): error TS2322: Type '{ is_active: boolean; id: string; name: string; description: string | null; image_url: string | null; total_cases: number; items_per_case: number; packaging_price: string | null; is_archived: number; ... 7 more ...; net_weight: string | null; }[]' is not assignable to type 'ProductRow[]'.
  Type '{ is_active: boolean; id: string; name: string; description: string | null; image_url: string | null; total_cases: number; items_per_case: number; packaging_price: string | null; is_archived: number; ... 7 more ...; net_weight: string | null; }' is not assignable to type 'ProductRow'.
    Types of property 'packaging_price' are incompatible.
      Type 'string | null' is not assignable to type 'number | null'.
        Type 'string' is not assignable to type 'number'.
app/actions/quotas.ts(4,31): error TS2307: Cannot find module 'mysql2' or its corresponding type declarations.
app/actions/sales.ts(5,31): error TS2307: Cannot find module 'mysql2' or its corresponding type declarations.
app/actions/salesman-dashboard.ts(4,31): error TS2307: Cannot find module 'mysql2' or its corresponding type declarations.
app/actions/search.ts(4,31): error TS2307: Cannot find module 'mysql2/promise' or its corresponding type declarations.
app/actions/settings.ts(5,31): error TS2307: Cannot find module 'mysql2/promise' or its corresponding type declarations.
app/actions/store-visits.ts(5,31): error TS2307: Cannot find module 'mysql2' or its corresponding type declarations.
app/actions/supervisor-actions.ts(2,31): error TS2307: Cannot find module 'mysql2' or its corresponding type declarations.
app/actions/users.ts(7,31): error TS2307: Cannot find module 'mysql2/promise' or its corresponding type declarations.
app/actions/visits.ts(4,31): error TS2307: Cannot find module 'mysql2' or its corresponding type declarations.
app/admin/approvals/page.tsx(7,31): error TS2307: Cannot find module 'mysql2/promise' or its corresponding type declarations.
app/admin/archives/page.tsx(114,67): error TS2339: Property 'product_categories' does not exist on type 'ProductRow'.
app/admin/archives/page.tsx(115,67): error TS2339: Property 'brands' does not exist on type 'ProductRow'.
app/admin/audit/page.tsx(78,61): error TS2339: Property 'users' does not exist on type 'AuditLogRow'.
app/admin/catalog/products/page.tsx(349,23): error TS2322: Type 'void' is not assignable to type 'ReactNode'.
app/admin/customers/page.tsx(202,73): error TS2339: Property 'users' does not exist on type 'CustomerRow'.
app/admin/dashboard/page.tsx(133,18): error TS18048: 'kpis.pipelineGrowth' is possibly 'undefined'.
app/api/auth/upload-image.ts(80,32): error TS18046: 'error' is of type 'unknown'.
app/api/auth/upload-image.ts(81,16): error TS18046: 'error' is of type 'unknown'.
app/api/logout/route.ts(87,34): error TS18046: 'error' is of type 'unknown'.
app/api/logout/route.ts(88,18): error TS18046: 'error' is of type 'unknown'.
app/api/test_login/route.ts(2,31): error TS2307: Cannot find module 'mysql2/promise' or its corresponding type declarations.
app/api/test_login/upload.ts(80,32): error TS18046: 'error' is of type 'unknown'.
app/api/test_login/upload.ts(81,16): error TS18046: 'error' is of type 'unknown'.
app/api/upload-image.ts(80,32): error TS18046: 'error' is of type 'unknown'.
app/api/upload-image.ts(81,16): error TS18046: 'error' is of type 'unknown'.
app/salesman/callsheets/new/page.tsx(81,45): error TS2339: Property 'total_packaging' does not exist on type 'ProductRow'.
app/supervisor/catalog/products/page.tsx(119,125): error TS2339: Property 'total_packaging' does not exist on type 'ProductRow'.
app/supervisor/catalog/products/page.tsx(129,81): error TS2339: Property 'product_categories' does not exist on type 'ProductRow'.
app/supervisor/catalog/products/page.tsx(142,77): error TS2339: Property 'brands' does not exist on type 'ProductRow'.
app/supervisor/catalog/products/page.tsx(206,61): error TS2339: Property 'product_categories' does not exist on type 'ProductRow'.
app/supervisor/catalog/products/page.tsx(207,73): error TS2339: Property 'brands' does not exist on type 'ProductRow'.
app/supervisor/catalog/products/page.tsx(208,61): error TS2339: Property 'total_packaging' does not exist on type 'ProductRow'.
components/layout/app-sidebar.tsx(214,41): error TS2345: Argument of type '({ title: string; path: string; icon: ForwardRefExoticComponent<Omit<LucideProps, "ref"> & RefAttributes<SVGSVGElement>>; countKey: "products"; adminOnly?: undefined; } | { ...; })[]' is not assignable to parameter of type '({ title: string; path: string; icon: ForwardRefExoticComponent<Omit<LucideProps, "ref"> & RefAttributes<SVGSVGElement>>; adminOnly?: undefined; supervisorOnly?: undefined; countKey?: undefined; } | { ...; } | { ...; } | { ...; })[]'.
  Type '{ title: string; path: string; icon: ForwardRefExoticComponent<Omit<LucideProps, "ref"> & RefAttributes<SVGSVGElement>>; countKey: "products"; adminOnly?: undefined; } | { ...; }' is not assignable to type '{ title: string; path: string; icon: ForwardRefExoticComponent<Omit<LucideProps, "ref"> & RefAttributes<SVGSVGElement>>; adminOnly?: undefined; supervisorOnly?: undefined; countKey?: undefined; } | { ...; } | { ...; } | { ...; }'.
    Type '{ title: string; path: string; icon: React.ForwardRefExoticComponent<Omit<LucideProps, "ref"> & React.RefAttributes<SVGSVGElement>>; countKey: "products"; adminOnly?: undefined; }' is not assignable to type '{ title: string; path: string; icon: ForwardRefExoticComponent<Omit<LucideProps, "ref"> & RefAttributes<SVGSVGElement>>; adminOnly?: undefined; supervisorOnly?: undefined; countKey?: undefined; } | { ...; } | { ...; } | { ...; }'.
      Type '{ title: string; path: string; icon: React.ForwardRefExoticComponent<Omit<LucideProps, "ref"> & React.RefAttributes<SVGSVGElement>>; countKey: "products"; adminOnly?: undefined; }' is not assignable to type '{ title: string; path: string; icon: ForwardRefExoticComponent<Omit<LucideProps, "ref"> & RefAttributes<SVGSVGElement>>; adminOnly?: undefined; supervisorOnly?: undefined; countKey?: undefined; } | { ...; } | { ...; }'.
        Type '{ title: string; path: string; icon: React.ForwardRefExoticComponent<Omit<LucideProps, "ref"> & React.RefAttributes<SVGSVGElement>>; countKey: "products"; adminOnly?: undefined; }' is not assignable to type '{ title: string; path: string; icon: React.ForwardRefExoticComponent<Omit<LucideProps, "ref"> & React.RefAttributes<SVGSVGElement>>; countKey: "customers"; adminOnly?: undefined; supervisorOnly?: undefined; }'.
          Types of property 'countKey' are incompatible.
            Type '"products"' is not assignable to type '"customers"'.
components/layout/app-sidebar.tsx(221,41): error TS2345: Argument of type '({ title: string; path: string; icon: ForwardRefExoticComponent<Omit<LucideProps, "ref"> & RefAttributes<SVGSVGElement>>; countKey: "inventory"; adminOnly?: undefined; } | { ...; } | { ...; } | { ...; })[]' is not assignable to parameter of type '({ title: string; path: string; icon: ForwardRefExoticComponent<Omit<LucideProps, "ref"> & RefAttributes<SVGSVGElement>>; adminOnly?: undefined; supervisorOnly?: undefined; countKey?: undefined; } | { ...; } | { ...; } | { ...; })[]'.
  Type '{ title: string; path: string; icon: ForwardRefExoticComponent<Omit<LucideProps, "ref"> & RefAttributes<SVGSVGElement>>; countKey: "inventory"; adminOnly?: undefined; } | { ...; } | { ...; } | { ...; }' is not assignable to type '{ title: string; path: string; icon: ForwardRefExoticComponent<Omit<LucideProps, "ref"> & RefAttributes<SVGSVGElement>>; adminOnly?: undefined; supervisorOnly?: undefined; countKey?: undefined; } | { ...; } | { ...; } | { ...; }'.
    Type '{ title: string; path: string; icon: React.ForwardRefExoticComponent<Omit<LucideProps, "ref"> & React.RefAttributes<SVGSVGElement>>; countKey: "inventory"; adminOnly?: undefined; }' is not assignable to type '{ title: string; path: string; icon: ForwardRefExoticComponent<Omit<LucideProps, "ref"> & RefAttributes<SVGSVGElement>>; adminOnly?: undefined; supervisorOnly?: undefined; countKey?: undefined; } | { ...; } | { ...; } | { ...; }'.
      Type '{ title: string; path: string; icon: React.ForwardRefExoticComponent<Omit<LucideProps, "ref"> & React.RefAttributes<SVGSVGElement>>; countKey: "inventory"; adminOnly?: undefined; }' is not assignable to type '{ title: string; path: string; icon: ForwardRefExoticComponent<Omit<LucideProps, "ref"> & RefAttributes<SVGSVGElement>>; adminOnly?: undefined; supervisorOnly?: undefined; countKey?: undefined; } | { ...; } | { ...; }'.
        Type '{ title: string; path: string; icon: React.ForwardRefExoticComponent<Omit<LucideProps, "ref"> & React.RefAttributes<SVGSVGElement>>; countKey: "inventory"; adminOnly?: undefined; }' is not assignable to type '{ title: string; path: string; icon: React.ForwardRefExoticComponent<Omit<LucideProps, "ref"> & React.RefAttributes<SVGSVGElement>>; countKey: "customers"; adminOnly?: undefined; supervisorOnly?: undefined; }'.
          Types of property 'countKey' are incompatible.
            Type '"inventory"' is not assignable to type '"customers"'.
components/layout/app-sidebar.tsx(228,41): error TS2345: Argument of type '({ title: string; path: string; icon: ForwardRefExoticComponent<Omit<LucideProps, "ref"> & RefAttributes<SVGSVGElement>>; countKey: "callsheets"; } | { ...; } | { ...; })[]' is not assignable to parameter of type '({ title: string; path: string; icon: ForwardRefExoticComponent<Omit<LucideProps, "ref"> & RefAttributes<SVGSVGElement>>; adminOnly?: undefined; supervisorOnly?: undefined; countKey?: undefined; } | { ...; } | { ...; } | { ...; })[]'.
  Type '{ title: string; path: string; icon: ForwardRefExoticComponent<Omit<LucideProps, "ref"> & RefAttributes<SVGSVGElement>>; countKey: "callsheets"; } | { ...; } | { ...; }' is not assignable to type '{ title: string; path: string; icon: ForwardRefExoticComponent<Omit<LucideProps, "ref"> & RefAttributes<SVGSVGElement>>; adminOnly?: undefined; supervisorOnly?: undefined; countKey?: undefined; } | { ...; } | { ...; } | { ...; }'.
    Type '{ title: string; path: string; icon: React.ForwardRefExoticComponent<Omit<LucideProps, "ref"> & React.RefAttributes<SVGSVGElement>>; countKey: "callsheets"; }' is not assignable to type '{ title: string; path: string; icon: ForwardRefExoticComponent<Omit<LucideProps, "ref"> & RefAttributes<SVGSVGElement>>; adminOnly?: undefined; supervisorOnly?: undefined; countKey?: undefined; } | { ...; } | { ...; } | { ...; }'.
      Type '{ title: string; path: string; icon: React.ForwardRefExoticComponent<Omit<LucideProps, "ref"> & React.RefAttributes<SVGSVGElement>>; countKey: "callsheets"; }' is not assignable to type '{ title: string; path: string; icon: React.ForwardRefExoticComponent<Omit<LucideProps, "ref"> & React.RefAttributes<SVGSVGElement>>; countKey: "customers"; adminOnly?: undefined; supervisorOnly?: undefined; }'.
        Types of property 'countKey' are incompatible.
          Type '"callsheets"' is not assignable to type '"customers"'.
quota-table-temp.tsx(10,29): error TS2307: Cannot find module './quota-form-dialog' or its corresponding type declarations.
quotas-page-temp.tsx(4,24): error TS2307: Cannot find module './quota-table' or its corresponding type declarations.
